Archive member included to satisfy reference by file (symbol)

/usr/lib/gcc/arm-none-eabi/10.3.1/thumb/v7e-m+fp/hard/libgcc.a(_aeabi_uldivmod.o)
                              ../Drivers/STM32F4xx_HAL_Driver/Src/stm32f4xx_hal_rcc.o (__aeabi_uldivmod)
/usr/lib/gcc/arm-none-eabi/10.3.1/thumb/v7e-m+fp/hard/libgcc.a(_udivmoddi4.o)
                              /usr/lib/gcc/arm-none-eabi/10.3.1/thumb/v7e-m+fp/hard/libgcc.a(_aeabi_uldivmod.o) (__udivmoddi4)
/usr/lib/gcc/arm-none-eabi/10.3.1/thumb/v7e-m+fp/hard/libgcc.a(_dvmd_tls.o)
                              /usr/lib/gcc/arm-none-eabi/10.3.1/thumb/v7e-m+fp/hard/libgcc.a(_aeabi_uldivmod.o) (__aeabi_ldiv0)
/usr/lib/gcc/arm-none-eabi/10.3.1/../../../arm-none-eabi/lib/thumb/v7e-m+fp/hard/libg_nano.a(lib_a-atexit.o)
                              /usr/lib/gcc/arm-none-eabi/10.3.1/../../../arm-none-eabi/lib/thumb/v7e-m+fp/hard/crt0.o (atexit)
/usr/lib/gcc/arm-none-eabi/10.3.1/../../../arm-none-eabi/lib/thumb/v7e-m+fp/hard/libg_nano.a(lib_a-errno.o)
                              ../Core/Src/syscalls.o (__errno)
/usr/lib/gcc/arm-none-eabi/10.3.1/../../../arm-none-eabi/lib/thumb/v7e-m+fp/hard/libg_nano.a(lib_a-exit.o)
                              /usr/lib/gcc/arm-none-eabi/10.3.1/../../../arm-none-eabi/lib/thumb/v7e-m+fp/hard/crt0.o (exit)
/usr/lib/gcc/arm-none-eabi/10.3.1/../../../arm-none-eabi/lib/thumb/v7e-m+fp/hard/libg_nano.a(lib_a-fini.o)
                              /usr/lib/gcc/arm-none-eabi/10.3.1/../../../arm-none-eabi/lib/thumb/v7e-m+fp/hard/crt0.o (__libc_fini_array)
/usr/lib/gcc/arm-none-eabi/10.3.1/../../../arm-none-eabi/lib/thumb/v7e-m+fp/hard/libg_nano.a(lib_a-impure.o)
                              /usr/lib/gcc/arm-none-eabi/10.3.1/../../../arm-none-eabi/lib/thumb/v7e-m+fp/hard/libg_nano.a(lib_a-exit.o) (_global_impure_ptr)
/usr/lib/gcc/arm-none-eabi/10.3.1/../../../arm-none-eabi/lib/thumb/v7e-m+fp/hard/libg_nano.a(lib_a-init.o)
                              /usr/lib/gcc/arm-none-eabi/10.3.1/../../../arm-none-eabi/lib/thumb/v7e-m+fp/hard/crt0.o (__libc_init_array)
/usr/lib/gcc/arm-none-eabi/10.3.1/../../../arm-none-eabi/lib/thumb/v7e-m+fp/hard/libg_nano.a(lib_a-memset.o)
                              /usr/lib/gcc/arm-none-eabi/10.3.1/../../../arm-none-eabi/lib/thumb/v7e-m+fp/hard/crt0.o (memset)
/usr/lib/gcc/arm-none-eabi/10.3.1/../../../arm-none-eabi/lib/thumb/v7e-m+fp/hard/libg_nano.a(lib_a-__atexit.o)
                              /usr/lib/gcc/arm-none-eabi/10.3.1/../../../arm-none-eabi/lib/thumb/v7e-m+fp/hard/libg_nano.a(lib_a-atexit.o) (__register_exitproc)
/usr/lib/gcc/arm-none-eabi/10.3.1/../../../arm-none-eabi/lib/thumb/v7e-m+fp/hard/libg_nano.a(lib_a-__call_atexit.o)
                              /usr/lib/gcc/arm-none-eabi/10.3.1/../../../arm-none-eabi/lib/thumb/v7e-m+fp/hard/libg_nano.a(lib_a-__atexit.o) (__call_exitprocs)

Discarded input sections

 .text          0x0000000000000000        0x0 /usr/lib/gcc/arm-none-eabi/10.3.1/thumb/v7e-m+fp/hard/crti.o
 .data          0x0000000000000000        0x0 /usr/lib/gcc/arm-none-eabi/10.3.1/thumb/v7e-m+fp/hard/crti.o
 .bss           0x0000000000000000        0x0 /usr/lib/gcc/arm-none-eabi/10.3.1/thumb/v7e-m+fp/hard/crti.o
 .data          0x0000000000000000        0x4 /usr/lib/gcc/arm-none-eabi/10.3.1/thumb/v7e-m+fp/hard/crtbegin.o
 .rodata        0x0000000000000000       0x24 /usr/lib/gcc/arm-none-eabi/10.3.1/thumb/v7e-m+fp/hard/crtbegin.o
 .text          0x0000000000000000       0x70 /usr/lib/gcc/arm-none-eabi/10.3.1/../../../arm-none-eabi/lib/thumb/v7e-m+fp/hard/crt0.o
 .data          0x0000000000000000        0x0 /usr/lib/gcc/arm-none-eabi/10.3.1/../../../arm-none-eabi/lib/thumb/v7e-m+fp/hard/crt0.o
 .bss           0x0000000000000000        0x0 /usr/lib/gcc/arm-none-eabi/10.3.1/../../../arm-none-eabi/lib/thumb/v7e-m+fp/hard/crt0.o
 .ARM.extab     0x0000000000000000        0x0 /usr/lib/gcc/arm-none-eabi/10.3.1/../../../arm-none-eabi/lib/thumb/v7e-m+fp/hard/crt0.o
 .ARM.exidx     0x0000000000000000       0x10 /usr/lib/gcc/arm-none-eabi/10.3.1/../../../arm-none-eabi/lib/thumb/v7e-m+fp/hard/crt0.o
 .debug_line    0x0000000000000000       0x87 /usr/lib/gcc/arm-none-eabi/10.3.1/../../../arm-none-eabi/lib/thumb/v7e-m+fp/hard/crt0.o
 .debug_info    0x0000000000000000       0x26 /usr/lib/gcc/arm-none-eabi/10.3.1/../../../arm-none-eabi/lib/thumb/v7e-m+fp/hard/crt0.o
 .debug_abbrev  0x0000000000000000       0x14 /usr/lib/gcc/arm-none-eabi/10.3.1/../../../arm-none-eabi/lib/thumb/v7e-m+fp/hard/crt0.o
 .debug_aranges
                0x0000000000000000       0x20 /usr/lib/gcc/arm-none-eabi/10.3.1/../../../arm-none-eabi/lib/thumb/v7e-m+fp/hard/crt0.o
 .debug_str     0x0000000000000000       0x98 /usr/lib/gcc/arm-none-eabi/10.3.1/../../../arm-none-eabi/lib/thumb/v7e-m+fp/hard/crt0.o
 .ARM.attributes
                0x0000000000000000       0x1c /usr/lib/gcc/arm-none-eabi/10.3.1/../../../arm-none-eabi/lib/thumb/v7e-m+fp/hard/crt0.o
 .group         0x0000000000000000        0xc ../Core/Src/main.o
[...]
Memory Configuration

Name             Origin             Length             Attributes
RAM              0x0000000020000000 0x0000000000010000 xrw
FLASH            0x0000000008000000 0x0000000000040000 xr
*default*        0x0000000000000000 0xffffffffffffffff

Linker script and memory map

LOAD /usr/lib/gcc/arm-none-eabi/10.3.1/thumb/v7e-m+fp/hard/crti.o
LOAD /usr/lib/gcc/arm-none-eabi/10.3.1/thumb/v7e-m+fp/hard/crtbegin.o
LOAD /usr/lib/gcc/arm-none-eabi/10.3.1/../../../arm-none-eabi/lib/thumb/v7e-m+fp/hard/crt0.o
LOAD ../Core/Src/main.o
LOAD ../Core/Src/stm32f4xx_hal_msp.o
LOAD ../Core/Src/stm32f4xx_it.o
LOAD ../Core/Src/syscalls.o
LOAD ../Core/Src/sysmem.o
LOAD ../Core/Src/system_stm32f4xx.o
LOAD ../Drivers/STM32F4xx_HAL_Driver/Src/stm32f4xx_hal.o
LOAD ../Drivers/STM32F4xx_HAL_Driver/Src/stm32f4xx_hal_cortex.o
LOAD ../Drivers/STM32F4xx_HAL_Driver/Src/stm32f4xx_hal_dma.o
LOAD ../Drivers/STM32F4xx_HAL_Driver/Src/stm32f4xx_hal_dma_ex.o
LOAD ../Drivers/STM32F4xx_HAL_Driver/Src/stm32f4xx_hal_exti.o
LOAD ../Drivers/STM32F4xx_HAL_Driver/Src/stm32f4xx_hal_flash.o
LOAD ../Drivers/STM32F4xx_HAL_Driver/Src/stm32f4xx_hal_flash_ex.o
LOAD ../Drivers/STM32F4xx_HAL_Driver/Src/stm32f4xx_hal_flash_ramfunc.o
LOAD ../Drivers/STM32F4xx_HAL_Driver/Src/stm32f4xx_hal_gpio.o
LOAD ../Drivers/STM32F4xx_HAL_Driver/Src/stm32f4xx_hal_pwr.o
LOAD ../Drivers/STM32F4xx_HAL_Driver/Src/stm32f4xx_hal_pwr_ex.o
LOAD ../Drivers/STM32F4xx_HAL_Driver/Src/stm32f4xx_hal_rcc.o
LOAD ../Drivers/STM32F4xx_HAL_Driver/Src/stm32f4xx_hal_rcc_ex.o
LOAD ../Drivers/STM32F4xx_HAL_Driver/Src/stm32f4xx_hal_tim.o
LOAD ../Drivers/STM32F4xx_HAL_Driver/Src/stm32f4xx_hal_tim_ex.o
LOAD ../Drivers/STM32F4xx_HAL_Driver/Src/stm32f4xx_hal_uart.o
LOAD ../Core/Startup/startup_stm32f401rctx.o
START GROUP
LOAD /usr/lib/gcc/arm-none-eabi/10.3.1/thumb/v7e-m+fp/hard/libgcc.a
LOAD /usr/lib/gcc/arm-none-eabi/10.3.1/../../../arm-none-eabi/lib/thumb/v7e-m+fp/hard/libg_nano.a
LOAD /usr/lib/gcc/arm-none-eabi/10.3.1/../../../arm-none-eabi/lib/thumb/v7e-m+fp/hard/libc_nano.a
END GROUP
START GROUP
LOAD /usr/lib/gcc/arm-none-eabi/10.3.1/thumb/v7e-m+fp/hard/libgcc.a
LOAD /usr/lib/gcc/arm-none-eabi/10.3.1/../../../arm-none-eabi/lib/thumb/v7e-m+fp/hard/libc_nano.a
LOAD /usr/lib/gcc/arm-none-eabi/10.3.1/../../../arm-none-eabi/lib/thumb/v7e-m+fp/hard/libnosys.a
END GROUP
START GROUP
LOAD /usr/lib/gcc/arm-none-eabi/10.3.1/thumb/v7e-m+fp/hard/libgcc.a
LOAD /usr/lib/gcc/arm-none-eabi/10.3.1/../../../arm-none-eabi/lib/thumb/v7e-m+fp/hard/libc_nano.a
LOAD /usr/lib/gcc/arm-none-eabi/10.3.1/../../../arm-none-eabi/lib/thumb/v7e-m+fp/hard/libnosys.a
END GROUP
LOAD /usr/lib/gcc/arm-none-eabi/10.3.1/thumb/v7e-m+fp/hard/crtend.o
LOAD /usr/lib/gcc/arm-none-eabi/10.3.1/thumb/v7e-m+fp/hard/crtn.o
                0x0000000020010000                _estack = (ORIGIN (RAM) + LENGTH (RAM))
                0x0000000000000200                _Min_Heap_Size = 0x200
                0x0000000000000400                _Min_Stack_Size = 0x400

.isr_vector     0x0000000008000000      0x194
                0x0000000008000000                . = ALIGN (0x4)
 *(.isr_vector)
 .isr_vector    0x0000000008000000      0x194 ../Core/Startup/startup_stm32f401rctx.o
                0x0000000008000000                g_pfnVectors
                0x0000000008000194                . = ALIGN (0x4)

.text           0x0000000008000194     0x1d54
                0x0000000008000194                . = ALIGN (0x4)
 *(.text)
 .text          0x0000000008000194       0x88 /usr/lib/gcc/arm-none-eabi/10.3.1/thumb/v7e-m+fp/hard/crtbegin.o
 .text          0x000000000800021c       0x30 /usr/lib/gcc/arm-none-eabi/10.3.1/thumb/v7e-m+fp/hard/libgcc.a(_aeabi_uldivmod.o)
                0x000000000800021c                __aeabi_uldivmod
 .text          0x000000000800024c      0x2d0 /usr/lib/gcc/arm-none-eabi/10.3.1/thumb/v7e-m+fp/hard/libgcc.a(_udivmoddi4.o)
                0x000000000800024c                __udivmoddi4
 .text          0x000000000800051c        0x4 /usr/lib/gcc/arm-none-eabi/10.3.1/thumb/v7e-m+fp/hard/libgcc.a(_dvmd_tls.o)
                0x000000000800051c                __aeabi_ldiv0
                0x000000000800051c                __aeabi_idiv0
 .text          0x0000000008000520       0x48 /usr/lib/gcc/arm-none-eabi/10.3.1/../../../arm-none-eabi/lib/thumb/v7e-m+fp/hard/libg_nano.a(lib_a-init.o)
                0x0000000008000520                __libc_init_array
 .text          0x0000000008000568       0xa4 /usr/lib/gcc/arm-none-eabi/10.3.1/../../../arm-none-eabi/lib/thumb/v7e-m+fp/hard/libg_nano.a(lib_a-memset.o)
                0x0000000008000568                memset
 *(.text*)
 .text.main     0x000000000800060c       0x28 ../Core/Src/main.o
                0x000000000800060c                main
 .text.SystemClock_Config
                0x0000000008000634       0xd4 ../Core/Src/main.o
                0x0000000008000634                SystemClock_Config
 .text.MX_USART2_UART_Init
                0x0000000008000708       0x54 ../Core/Src/main.o
 .text.MX_GPIO_Init
                0x000000000800075c       0xa0 ../Core/Src/main.o
 .text.Error_Handler
                0x00000000080007fc        0xa ../Core/Src/main.o
                0x00000000080007fc                Error_Handler
 *fill*         0x0000000008000806        0x2 
 .text.HAL_MspInit
                0x0000000008000808       0x50 ../Core/Src/stm32f4xx_hal_msp.o
                0x0000000008000808                HAL_MspInit
 .text.HAL_UART_MspInit
                0x0000000008000858       0x90 ../Core/Src/stm32f4xx_hal_msp.o
                0x0000000008000858                HAL_UART_MspInit
 .text.NMI_Handler
                0x00000000080008e8        0x6 ../Core/Src/stm32f4xx_it.o
                0x00000000080008e8                NMI_Handler
 .text.HardFault_Handler
                0x00000000080008ee        0x6 ../Core/Src/stm32f4xx_it.o
                0x00000000080008ee                HardFault_Handler
 .text.MemManage_Handler
                0x00000000080008f4        0x6 ../Core/Src/stm32f4xx_it.o
                0x00000000080008f4                MemManage_Handler
 .text.BusFault_Handler
                0x00000000080008fa        0x6 ../Core/Src/stm32f4xx_it.o
                0x00000000080008fa                BusFault_Handler
 .text.UsageFault_Handler
                0x0000000008000900        0x6 ../Core/Src/stm32f4xx_it.o
                0x0000000008000900                UsageFault_Handler
 .text.SVC_Handler
                0x0000000008000906        0xe ../Core/Src/stm32f4xx_it.o
                0x0000000008000906                SVC_Handler
 .text.DebugMon_Handler
                0x0000000008000914        0xe ../Core/Src/stm32f4xx_it.o
                0x0000000008000914                DebugMon_Handler
 .text.PendSV_Handler
                0x0000000008000922        0xe ../Core/Src/stm32f4xx_it.o
                0x0000000008000922                PendSV_Handler
 .text.SysTick_Handler
                0x0000000008000930        0xc ../Core/Src/stm32f4xx_it.o
                0x0000000008000930                SysTick_Handler
 .text.SystemInit
                0x000000000800093c       0x24 ../Core/Src/system_stm32f4xx.o
                0x000000000800093c                SystemInit
 .text.HAL_Init
                0x0000000008000960       0x44 ../Drivers/STM32F4xx_HAL_Driver/Src/stm32f4xx_hal.o
                0x0000000008000960                HAL_Init
 .text.HAL_InitTick
                0x00000000080009a4       0x60 ../Drivers/STM32F4xx_HAL_Driver/Src/stm32f4xx_hal.o
                0x00000000080009a4                HAL_InitTick
 .text.HAL_IncTick
                0x0000000008000a04       0x28 ../Drivers/STM32F4xx_HAL_Driver/Src/stm32f4xx_hal.o
                0x0000000008000a04                HAL_IncTick
 .text.HAL_GetTick
                0x0000000008000a2c       0x18 ../Drivers/STM32F4xx_HAL_Driver/Src/stm32f4xx_hal.o
                0x0000000008000a2c                HAL_GetTick
 .text.HAL_Delay
                0x0000000008000a44       0x48 ../Drivers/STM32F4xx_HAL_Driver/Src/stm32f4xx_hal.o
                0x0000000008000a44                HAL_Delay
 .text.__NVIC_SetPriorityGrouping
                0x0000000008000a8c       0x48 ../Drivers/STM32F4xx_HAL_Driver/Src/stm32f4xx_hal_cortex.o
 .text.__NVIC_GetPriorityGrouping
                0x0000000008000ad4       0x1c ../Drivers/STM32F4xx_HAL_Driver/Src/stm32f4xx_hal_cortex.o
 .text.__NVIC_SetPriority
                0x0000000008000af0       0x54 ../Drivers/STM32F4xx_HAL_Driver/Src/stm32f4xx_hal_cortex.o
 .text.NVIC_EncodePriority
                0x0000000008000b44       0x66 ../Drivers/STM32F4xx_HAL_Driver/Src/stm32f4xx_hal_cortex.o
 *fill*         0x0000000008000baa        0x2 
 .text.SysTick_Config
                0x0000000008000bac       0x44 ../Drivers/STM32F4xx_HAL_Driver/Src/stm32f4xx_hal_cortex.o
 .text.HAL_NVIC_SetPriorityGrouping
                0x0000000008000bf0       0x16 ../Drivers/STM32F4xx_HAL_Driver/Src/stm32f4xx_hal_cortex.o
                0x0000000008000bf0                HAL_NVIC_SetPriorityGrouping
 .text.HAL_NVIC_SetPriority
                0x0000000008000c06       0x38 ../Drivers/STM32F4xx_HAL_Driver/Src/stm32f4xx_hal_cortex.o
                0x0000000008000c06                HAL_NVIC_SetPriority
 .text.HAL_SYSTICK_Config
                0x0000000008000c3e       0x18 ../Drivers/STM32F4xx_HAL_Driver/Src/stm32f4xx_hal_cortex.o
                0x0000000008000c3e                HAL_SYSTICK_Config
 *fill*         0x0000000008000c56        0x2 
 .text.HAL_GPIO_Init
                0x0000000008000c58      0x308 ../Drivers/STM32F4xx_HAL_Driver/Src/stm32f4xx_hal_gpio.o
                0x0000000008000c58                HAL_GPIO_Init
 .text.HAL_GPIO_WritePin
                0x0000000008000f60       0x32 ../Drivers/STM32F4xx_HAL_Driver/Src/stm32f4xx_hal_gpio.o
                0x0000000008000f60                HAL_GPIO_WritePin
 .text.HAL_GPIO_TogglePin
                0x0000000008000f92       0x34 ../Drivers/STM32F4xx_HAL_Driver/Src/stm32f4xx_hal_gpio.o
                0x0000000008000f92                HAL_GPIO_TogglePin
 *fill*         0x0000000008000fc6        0x2 
 .text.HAL_RCC_OscConfig
                0x0000000008000fc8      0x4f0 ../Drivers/STM32F4xx_HAL_Driver/Src/stm32f4xx_hal_rcc.o
                0x0000000008000fc8                HAL_RCC_OscConfig
 .text.HAL_RCC_ClockConfig
                0x00000000080014b8      0x1cc ../Drivers/STM32F4xx_HAL_Driver/Src/stm32f4xx_hal_rcc.o
                0x00000000080014b8                HAL_RCC_ClockConfig
 .text.HAL_RCC_GetSysClockFreq
                0x0000000008001684      0x208 ../Drivers/STM32F4xx_HAL_Driver/Src/stm32f4xx_hal_rcc.o
                0x0000000008001684                HAL_RCC_GetSysClockFreq
 .text.HAL_RCC_GetHCLKFreq
                0x000000000800188c       0x18 ../Drivers/STM32F4xx_HAL_Driver/Src/stm32f4xx_hal_rcc.o
                0x000000000800188c                HAL_RCC_GetHCLKFreq
 .text.HAL_RCC_GetPCLK1Freq
                0x00000000080018a4       0x28 ../Drivers/STM32F4xx_HAL_Driver/Src/stm32f4xx_hal_rcc.o
                0x00000000080018a4                HAL_RCC_GetPCLK1Freq
 .text.HAL_RCC_GetPCLK2Freq
                0x00000000080018cc       0x28 ../Drivers/STM32F4xx_HAL_Driver/Src/stm32f4xx_hal_rcc.o
                0x00000000080018cc                HAL_RCC_GetPCLK2Freq
 .text.HAL_UART_Init
                0x00000000080018f4       0xa0 ../Drivers/STM32F4xx_HAL_Driver/Src/stm32f4xx_hal_uart.o
                0x00000000080018f4                HAL_UART_Init
 .text.UART_SetConfig
                0x0000000008001994      0x4e8 ../Drivers/STM32F4xx_HAL_Driver/Src/stm32f4xx_hal_uart.o
 .text.Reset_Handler
                0x0000000008001e7c       0x50 ../Core/Startup/startup_stm32f401rctx.o
                0x0000000008001e7c                Reset_Handler
 .text.Default_Handler
                0x0000000008001ecc        0x2 ../Core/Startup/startup_stm32f401rctx.o
                0x0000000008001ecc                RTC_Alarm_IRQHandler
                0x0000000008001ecc                EXTI2_IRQHandler
                0x0000000008001ecc                SPI4_IRQHandler
                0x0000000008001ecc                TIM1_CC_IRQHandler
                0x0000000008001ecc                DMA2_Stream5_IRQHandler
                0x0000000008001ecc                DMA1_Stream5_IRQHandler
                0x0000000008001ecc                PVD_IRQHandler
                0x0000000008001ecc                SDIO_IRQHandler
                0x0000000008001ecc                TAMP_STAMP_IRQHandler
                0x0000000008001ecc                EXTI3_IRQHandler
                0x0000000008001ecc                TIM1_UP_TIM10_IRQHandler
                0x0000000008001ecc                I2C3_ER_IRQHandler
                0x0000000008001ecc                EXTI0_IRQHandler
                0x0000000008001ecc                I2C2_EV_IRQHandler
                0x0000000008001ecc                DMA1_Stream2_IRQHandler
                0x0000000008001ecc                FPU_IRQHandler
                0x0000000008001ecc                DMA2_Stream2_IRQHandler
                0x0000000008001ecc                SPI1_IRQHandler
                0x0000000008001ecc                TIM1_BRK_TIM9_IRQHandler
                0x0000000008001ecc                DMA2_Stream3_IRQHandler
                0x0000000008001ecc                USART6_IRQHandler
                0x0000000008001ecc                DMA2_Stream0_IRQHandler
                0x0000000008001ecc                TIM4_IRQHandler
                0x0000000008001ecc                I2C1_EV_IRQHandler
                0x0000000008001ecc                DMA1_Stream6_IRQHandler
                0x0000000008001ecc                DMA1_Stream1_IRQHandler
                0x0000000008001ecc                TIM3_IRQHandler
                0x0000000008001ecc                RCC_IRQHandler
                0x0000000008001ecc                Default_Handler
                0x0000000008001ecc                EXTI15_10_IRQHandler
                0x0000000008001ecc                ADC_IRQHandler
                0x0000000008001ecc                DMA1_Stream7_IRQHandler
                0x0000000008001ecc                TIM5_IRQHandler
                0x0000000008001ecc                DMA2_Stream7_IRQHandler
                0x0000000008001ecc                I2C3_EV_IRQHandler
                0x0000000008001ecc                EXTI9_5_IRQHandler
                0x0000000008001ecc                RTC_WKUP_IRQHandler
                0x0000000008001ecc                SPI2_IRQHandler
                0x0000000008001ecc                DMA1_Stream0_IRQHandler
                0x0000000008001ecc                EXTI4_IRQHandler
                0x0000000008001ecc                WWDG_IRQHandler
                0x0000000008001ecc                TIM2_IRQHandler
                0x0000000008001ecc                OTG_FS_WKUP_IRQHandler
                0x0000000008001ecc                TIM1_TRG_COM_TIM11_IRQHandler
                0x0000000008001ecc                EXTI1_IRQHandler
                0x0000000008001ecc                USART2_IRQHandler
                0x0000000008001ecc                I2C2_ER_IRQHandler
                0x0000000008001ecc                DMA2_Stream1_IRQHandler
                0x0000000008001ecc                FLASH_IRQHandler
                0x0000000008001ecc                DMA2_Stream4_IRQHandler
                0x0000000008001ecc                USART1_IRQHandler
                0x0000000008001ecc                OTG_FS_IRQHandler
                0x0000000008001ecc                SPI3_IRQHandler
                0x0000000008001ecc                DMA1_Stream4_IRQHandler
                0x0000000008001ecc                I2C1_ER_IRQHandler
                0x0000000008001ecc                DMA2_Stream6_IRQHandler
                0x0000000008001ecc                DMA1_Stream3_IRQHandler
 *(.glue_7)
 .glue_7        0x0000000008001ece        0x0 linker stubs
 *(.glue_7t)
 .glue_7t       0x0000000008001ece        0x0 linker stubs
 *(.eh_frame)
 *fill*         0x0000000008001ece        0x2 
 .eh_frame      0x0000000008001ed0        0x0 /usr/lib/gcc/arm-none-eabi/10.3.1/thumb/v7e-m+fp/hard/crtbegin.o
 *(.init)
 .init          0x0000000008001ed0        0x4 /usr/lib/gcc/arm-none-eabi/10.3.1/thumb/v7e-m+fp/hard/crti.o
                0x0000000008001ed0                _init
 .init          0x0000000008001ed4        0x8 /usr/lib/gcc/arm-none-eabi/10.3.1/thumb/v7e-m+fp/hard/crtn.o
 *(.fini)
 .fini          0x0000000008001edc        0x4 /usr/lib/gcc/arm-none-eabi/10.3.1/thumb/v7e-m+fp/hard/crti.o
                0x0000000008001edc                _fini
 .fini          0x0000000008001ee0        0x8 /usr/lib/gcc/arm-none-eabi/10.3.1/thumb/v7e-m+fp/hard/crtn.o
                0x0000000008001ee8                . = ALIGN (0x4)
                0x0000000008001ee8                _etext = .

.vfp11_veneer   0x0000000008001ee8        0x0
 .vfp11_veneer  0x0000000008001ee8        0x0 linker stubs

.v4_bx          0x0000000008001ee8        0x0
 .v4_bx         0x0000000008001ee8        0x0 linker stubs

.iplt           0x0000000008001ee8        0x0
 .iplt          0x0000000008001ee8        0x0 /usr/lib/gcc/arm-none-eabi/10.3.1/thumb/v7e-m+fp/hard/crtbegin.o

.rodata         0x0000000008001ee8       0x18
                0x0000000008001ee8                . = ALIGN (0x4)
 *(.rodata)
 *(.rodata*)
 .rodata.AHBPrescTable
                0x0000000008001ee8       0x10 ../Core/Src/system_stm32f4xx.o
                0x0000000008001ee8                AHBPrescTable
 .rodata.APBPrescTable
                0x0000000008001ef8        0x8 ../Core/Src/system_stm32f4xx.o
                0x0000000008001ef8                APBPrescTable
                0x0000000008001f00                . = ALIGN (0x4)

.ARM.extab      0x0000000008001f00        0x0
                0x0000000008001f00                . = ALIGN (0x4)
 *(.ARM.extab* .gnu.linkonce.armextab.*)
                0x0000000008001f00                . = ALIGN (0x4)

.ARM            0x0000000008001f00        0x8
                0x0000000008001f00                . = ALIGN (0x4)
                0x0000000008001f00                __exidx_start = .
 *(.ARM.exidx*)
 .ARM.exidx     0x0000000008001f00        0x8 /usr/lib/gcc/arm-none-eabi/10.3.1/thumb/v7e-m+fp/hard/libgcc.a(_udivmoddi4.o)
                0x0000000008001f08                __exidx_end = .
                0x0000000008001f08                . = ALIGN (0x4)

.preinit_array  0x0000000008001f08        0x0
                0x0000000008001f08                . = ALIGN (0x4)
                0x0000000008001f08                PROVIDE (__preinit_array_start = .)
 *(.preinit_array*)
                0x0000000008001f08                PROVIDE (__preinit_array_end = .)
                0x0000000008001f08                . = ALIGN (0x4)

.init_array     0x0000000008001f08        0x4
                0x0000000008001f08                . = ALIGN (0x4)
                0x0000000008001f08                PROVIDE (__init_array_start = .)
 *(SORT_BY_NAME(.init_array.*))
 *(.init_array*)
 .init_array    0x0000000008001f08        0x4 /usr/lib/gcc/arm-none-eabi/10.3.1/thumb/v7e-m+fp/hard/crtbegin.o
                0x0000000008001f0c                PROVIDE (__init_array_end = .)
                0x0000000008001f0c                . = ALIGN (0x4)

.fini_array     0x0000000008001f0c        0x4
                0x0000000008001f0c                . = ALIGN (0x4)
                0x0000000008001f0c                PROVIDE (__fini_array_start = .)
 *(SORT_BY_NAME(.fini_array.*))
 *(.fini_array*)
 .fini_array    0x0000000008001f0c        0x4 /usr/lib/gcc/arm-none-eabi/10.3.1/thumb/v7e-m+fp/hard/crtbegin.o
                0x0000000008001f10                PROVIDE (__fini_array_end = .)
                0x0000000008001f10                . = ALIGN (0x4)
                0x0000000008001f10                _sidata = LOADADDR (.data)

.rel.dyn        0x0000000008001f10        0x0
 .rel.iplt      0x0000000008001f10        0x0 /usr/lib/gcc/arm-none-eabi/10.3.1/thumb/v7e-m+fp/hard/crtbegin.o

.data           0x0000000020000000        0xc load address 0x0000000008001f10
                0x0000000020000000                . = ALIGN (0x4)
                0x0000000020000000                _sdata = .
 *(.data)
 *(.data*)
 .data.SystemCoreClock
                0x0000000020000000        0x4 ../Core/Src/system_stm32f4xx.o
                0x0000000020000000                SystemCoreClock
 .data.uwTickPrio
                0x0000000020000004        0x4 ../Drivers/STM32F4xx_HAL_Driver/Src/stm32f4xx_hal.o
                0x0000000020000004                uwTickPrio
 .data.uwTickFreq
                0x0000000020000008        0x1 ../Drivers/STM32F4xx_HAL_Driver/Src/stm32f4xx_hal.o
                0x0000000020000008                uwTickFreq
 *(.RamFunc)
 *(.RamFunc*)
                0x000000002000000c                . = ALIGN (0x4)
 *fill*         0x0000000020000009        0x3 
                0x000000002000000c                _edata = .

.tm_clone_table
                0x000000002000000c        0x0 load address 0x0000000008001f1c
 .tm_clone_table
                0x000000002000000c        0x0 /usr/lib/gcc/arm-none-eabi/10.3.1/thumb/v7e-m+fp/hard/crtbegin.o
 .tm_clone_table
                0x000000002000000c        0x0 /usr/lib/gcc/arm-none-eabi/10.3.1/thumb/v7e-m+fp/hard/crtend.o

.igot.plt       0x000000002000000c        0x0 load address 0x0000000008001f1c
 .igot.plt      0x000000002000000c        0x0 /usr/lib/gcc/arm-none-eabi/10.3.1/thumb/v7e-m+fp/hard/crtbegin.o
                0x000000002000000c                . = ALIGN (0x4)

.bss            0x000000002000000c       0x68 load address 0x0000000008001f1c
                0x000000002000000c                _sbss = .
                0x000000002000000c                __bss_start__ = _sbss
 *(.bss)
 .bss           0x000000002000000c       0x1c /usr/lib/gcc/arm-none-eabi/10.3.1/thumb/v7e-m+fp/hard/crtbegin.o
 *(.bss*)
 .bss.huart2    0x0000000020000028       0x48 ../Core/Src/main.o
                0x0000000020000028                huart2
 .bss.uwTick    0x0000000020000070        0x4 ../Drivers/STM32F4xx_HAL_Driver/Src/stm32f4xx_hal.o
                0x0000000020000070                uwTick
 *(COMMON)
                0x0000000020000074                . = ALIGN (0x4)
                0x0000000020000074                _ebss = .
                0x0000000020000074                __bss_end__ = _ebss

._user_heap_stack
                0x0000000020000074      0x604 load address 0x0000000008001f1c
                0x0000000020000078                . = ALIGN (0x8)
 *fill*         0x0000000020000074        0x4 
                [!provide]                        PROVIDE (end = .)
                0x0000000020000078                PROVIDE (_end = .)
                0x0000000020000278                . = (. + _Min_Heap_Size)
 *fill*         0x0000000020000078      0x200 
                0x0000000020000678                . = (. + _Min_Stack_Size)
 *fill*         0x0000000020000278      0x400 
                0x0000000020000678                . = ALIGN (0x8)

/DISCARD/
 libc.a(*)
 libm.a(*)
 libgcc.a(*)

.ARM.attributes
                0x0000000000000000       0x30
 *(.ARM.attributes)
 .ARM.attributes
                0x0000000000000000       0x1e /usr/lib/gcc/arm-none-eabi/10.3.1/thumb/v7e-m+fp/hard/crti.o
 .ARM.attributes
                0x000000000000001e       0x34 /usr/lib/gcc/arm-none-eabi/10.3.1/thumb/v7e-m+fp/hard/crtbegin.o
 .ARM.attributes
                0x0000000000000052       0x34 ../Core/Src/main.o
 .ARM.attributes
                0x0000000000000086       0x34 ../Core/Src/stm32f4xx_hal_msp.o
 .ARM.attributes
                0x00000000000000ba       0x34 ../Core/Src/stm32f4xx_it.o
 .ARM.attributes
                0x00000000000000ee       0x34 ../Core/Src/system_stm32f4xx.o
 .ARM.attributes
                0x0000000000000122       0x34 ../Drivers/STM32F4xx_HAL_Driver/Src/stm32f4xx_hal.o
 .ARM.attributes
                0x0000000000000156       0x34 ../Drivers/STM32F4xx_HAL_Driver/Src/stm32f4xx_hal_cortex.o
 .ARM.attributes
                0x000000000000018a       0x34 ../Drivers/STM32F4xx_HAL_Driver/Src/stm32f4xx_hal_gpio.o
 .ARM.attributes
                0x00000000000001be       0x34 ../Drivers/STM32F4xx_HAL_Driver/Src/stm32f4xx_hal_rcc.o
 .ARM.attributes
                0x00000000000001f2       0x34 ../Drivers/STM32F4xx_HAL_Driver/Src/stm32f4xx_hal_uart.o
 .ARM.attributes
                0x0000000000000226       0x21 ../Core/Startup/startup_stm32f401rctx.o
 .ARM.attributes
                0x0000000000000247       0x1e /usr/lib/gcc/arm-none-eabi/10.3.1/thumb/v7e-m+fp/hard/libgcc.a(_aeabi_uldivmod.o)
 .ARM.attributes
                0x0000000000000265       0x34 /usr/lib/gcc/arm-none-eabi/10.3.1/thumb/v7e-m+fp/hard/libgcc.a(_udivmoddi4.o)
 .ARM.attributes
                0x0000000000000299       0x1e /usr/lib/gcc/arm-none-eabi/10.3.1/thumb/v7e-m+fp/hard/libgcc.a(_dvmd_tls.o)
 .ARM.attributes
                0x00000000000002b7       0x34 /usr/lib/gcc/arm-none-eabi/10.3.1/../../../arm-none-eabi/lib/thumb/v7e-m+fp/hard/libg_nano.a(lib_a-init.o)
 .ARM.attributes
                0x00000000000002eb       0x34 /usr/lib/gcc/arm-none-eabi/10.3.1/../../../arm-none-eabi/lib/thumb/v7e-m+fp/hard/libg_nano.a(lib_a-memset.o)
 .ARM.attributes
                0x000000000000031f       0x32 /usr/lib/gcc/arm-none-eabi/10.3.1/thumb/v7e-m+fp/hard/crtend.o
 .ARM.attributes
                0x0000000000000351       0x1e /usr/lib/gcc/arm-none-eabi/10.3.1/thumb/v7e-m+fp/hard/crtn.o
OUTPUT(pdtrigger_firmware.elf elf32-littlearm)
LOAD linker stubs
LOAD /usr/lib/gcc/arm-none-eabi/10.3.1/../../../arm-none-eabi/lib/thumb/v7e-m+fp/hard/libc.a
LOAD /usr/lib/gcc/arm-none-eabi/10.3.1/../../../arm-none-eabi/lib/thumb/v7e-m+fp/hard/libm.a
LOAD /usr/lib/gcc/arm-none-eabi/10.3.1/thumb/v7e-m+fp/hard/libgcc.a

.comment        0x0000000000000000       0x33
 .comment       0x0000000000000000       0x33 /usr/lib/gcc/arm-none-eabi/10.3.1/thumb/v7e-m+fp/hard/crtbegin.o
                                         0x34 (size before relaxing)
 .comment       0x0000000000000033       0x34 ../Core/Src/main.o
 .comment       0x0000000000000033       0x34 ../Core/Src/stm32f4xx_hal_msp.o
 .comment       0x0000000000000033       0x34 ../Core/Src/stm32f4xx_it.o
 .comment       0x0000000000000033       0x34 ../Core/Src/system_stm32f4xx.o
 .comment       0x0000000000000033       0x34 ../Drivers/STM32F4xx_HAL_Driver/Src/stm32f4xx_hal.o
 .comment       0x0000000000000033       0x34 ../Drivers/STM32F4xx_HAL_Driver/Src/stm32f4xx_hal_cortex.o
 .comment       0x0000000000000033       0x34 ../Drivers/STM32F4xx_HAL_Driver/Src/stm32f4xx_hal_gpio.o
 .comment       0x0000000000000033       0x34 ../Drivers/STM32F4xx_HAL_Driver/Src/stm32f4xx_hal_rcc.o
 .comment       0x0000000000000033       0x34 ../Drivers/STM32F4xx_HAL_Driver/Src/stm32f4xx_hal_uart.o
 .comment       0x0000000000000033       0x34 /usr/lib/gcc/arm-none-eabi/10.3.1/thumb/v7e-m+fp/hard/libgcc.a(_udivmoddi4.o)
 .comment       0x0000000000000033       0x34 /usr/lib/gcc/arm-none-eabi/10.3.1/../../../arm-none-eabi/lib/thumb/v7e-m+fp/hard/libg_nano.a(lib_a-init.o)
 .comment       0x0000000000000033       0x34 /usr/lib/gcc/arm-none-eabi/10.3.1/../../../arm-none-eabi/lib/thumb/v7e-m+fp/hard/libg_nano.a(lib_a-memset.o)
 .comment       0x0000000000000033       0x34 /usr/lib/gcc/arm-none-eabi/10.3.1/thumb/v7e-m+fp/hard/crtend.o

.debug_info     0x0000000000000000     0x7c24
 .debug_info    0x0000000000000000      0xb62 ../Core/Src/main.o
 .debug_info    0x0000000000000b62      0x94f ../Core/Src/stm32f4xx_hal_msp.o
 .debug_info    0x00000000000014b1      0x119 ../Core/Src/stm32f4xx_it.o
 .debug_info    0x00000000000015ca      0x537 ../Core/Src/system_stm32f4xx.o
 .debug_info    0x0000000000001b01      0x8a7 ../Drivers/STM32F4xx_HAL_Driver/Src/stm32f4xx_hal.o
 .debug_info    0x00000000000023a8      0xda9 ../Drivers/STM32F4xx_HAL_Driver/Src/stm32f4xx_hal_cortex.o
 .debug_info    0x0000000000003151      0x76a ../Drivers/STM32F4xx_HAL_Driver/Src/stm32f4xx_hal_gpio.o
 .debug_info    0x00000000000038bb      0x92d ../Drivers/STM32F4xx_HAL_Driver/Src/stm32f4xx_hal_rcc.o
 .debug_info    0x00000000000041e8     0x3088 ../Drivers/STM32F4xx_HAL_Driver/Src/stm32f4xx_hal_uart.o
 .debug_info    0x0000000000007270       0x26 /usr/lib/gcc/arm-none-eabi/10.3.1/thumb/v7e-m+fp/hard/libgcc.a(_aeabi_uldivmod.o)
 .debug_info    0x0000000000007296      0x717 /usr/lib/gcc/arm-none-eabi/10.3.1/thumb/v7e-m+fp/hard/libgcc.a(_udivmoddi4.o)
 .debug_info    0x00000000000079ad       0x26 /usr/lib/gcc/arm-none-eabi/10.3.1/thumb/v7e-m+fp/hard/libgcc.a(_dvmd_tls.o)
 .debug_info    0x00000000000079d3      0x11a /usr/lib/gcc/arm-none-eabi/10.3.1/../../../arm-none-eabi/lib/thumb/v7e-m+fp/hard/libg_nano.a(lib_a-init.o)
 .debug_info    0x0000000000007aed      0x137 /usr/lib/gcc/arm-none-eabi/10.3.1/../../../arm-none-eabi/lib/thumb/v7e-m+fp/hard/libg_nano.a(lib_a-memset.o)

.debug_abbrev   0x0000000000000000     0x1404
 .debug_abbrev  0x0000000000000000      0x1fa ../Core/Src/main.o
 .debug_abbrev  0x00000000000001fa      0x186 ../Core/Src/stm32f4xx_hal_msp.o
 .debug_abbrev  0x0000000000000380       0x61 ../Core/Src/stm32f4xx_it.o
 .debug_abbrev  0x00000000000003e1      0x116 ../Core/Src/system_stm32f4xx.o
 .debug_abbrev  0x00000000000004f7      0x20b ../Drivers/STM32F4xx_HAL_Driver/Src/stm32f4xx_hal.o
 .debug_abbrev  0x0000000000000702      0x30d ../Drivers/STM32F4xx_HAL_Driver/Src/stm32f4xx_hal_cortex.o
 .debug_abbrev  0x0000000000000a0f      0x1c4 ../Drivers/STM32F4xx_HAL_Driver/Src/stm32f4xx_hal_gpio.o
 .debug_abbrev  0x0000000000000bd3      0x262 ../Drivers/STM32F4xx_HAL_Driver/Src/stm32f4xx_hal_rcc.o
 .debug_abbrev  0x0000000000000e35      0x2c4 ../Drivers/STM32F4xx_HAL_Driver/Src/stm32f4xx_hal_uart.o
 .debug_abbrev  0x00000000000010f9       0x14 /usr/lib/gcc/arm-none-eabi/10.3.1/thumb/v7e-m+fp/hard/libgcc.a(_aeabi_uldivmod.o)
 .debug_abbrev  0x000000000000110d      0x163 /usr/lib/gcc/arm-none-eabi/10.3.1/thumb/v7e-m+fp/hard/libgcc.a(_udivmoddi4.o)
 .debug_abbrev  0x0000000000001270       0x14 /usr/lib/gcc/arm-none-eabi/10.3.1/thumb/v7e-m+fp/hard/libgcc.a(_dvmd_tls.o)
 .debug_abbrev  0x0000000000001284       0xcc /usr/lib/gcc/arm-none-eabi/10.3.1/../../../arm-none-eabi/lib/thumb/v7e-m+fp/hard/libg_nano.a(lib_a-init.o)
 .debug_abbrev  0x0000000000001350       0xb4 /usr/lib/gcc/arm-none-eabi/10.3.1/../../../arm-none-eabi/lib/thumb/v7e-m+fp/hard/libg_nano.a(lib_a-memset.o)

.debug_aranges  0x0000000000000000      0x6a0
 .debug_aranges
                0x0000000000000000       0x40 ../Core/Src/main.o
 .debug_aranges
                0x0000000000000040       0x30 ../Core/Src/stm32f4xx_hal_msp.o
 .debug_aranges
                0x0000000000000070       0x60 ../Core/Src/stm32f4xx_it.o
 .debug_aranges
                0x00000000000000d0       0x28 ../Core/Src/system_stm32f4xx.o
 .debug_aranges
                0x00000000000000f8       0xf0 ../Drivers/STM32F4xx_HAL_Driver/Src/stm32f4xx_hal.o
 .debug_aranges
                0x00000000000001e8      0x130 ../Drivers/STM32F4xx_HAL_Driver/Src/stm32f4xx_hal_cortex.o
 .debug_aranges
                0x0000000000000318       0x58 ../Drivers/STM32F4xx_HAL_Driver/Src/stm32f4xx_hal_gpio.o
 .debug_aranges
                0x0000000000000370       0x88 ../Drivers/STM32F4xx_HAL_Driver/Src/stm32f4xx_hal_rcc.o
 .debug_aranges
                0x00000000000003f8      0x208 ../Drivers/STM32F4xx_HAL_Driver/Src/stm32f4xx_hal_uart.o
 .debug_aranges
                0x0000000000000600       0x20 /usr/lib/gcc/arm-none-eabi/10.3.1/thumb/v7e-m+fp/hard/libgcc.a(_aeabi_uldivmod.o)
 .debug_aranges
                0x0000000000000620       0x20 /usr/lib/gcc/arm-none-eabi/10.3.1/thumb/v7e-m+fp/hard/libgcc.a(_udivmoddi4.o)
 .debug_aranges
                0x0000000000000640       0x20 /usr/lib/gcc/arm-none-eabi/10.3.1/thumb/v7e-m+fp/hard/libgcc.a(_dvmd_tls.o)
 .debug_aranges
                0x0000000000000660       0x20 /usr/lib/gcc/arm-none-eabi/10.3.1/../../../arm-none-eabi/lib/thumb/v7e-m+fp/hard/libg_nano.a(lib_a-init.o)
 .debug_aranges
                0x0000000000000680       0x20 /usr/lib/gcc/arm-none-eabi/10.3.1/../../../arm-none-eabi/lib/thumb/v7e-m+fp/hard/libg_nano.a(lib_a-memset.o)

.debug_ranges   0x0000000000000000      0x688
 .debug_ranges  0x0000000000000000       0x30 ../Core/Src/main.o
 .debug_ranges  0x0000000000000030       0x20 ../Core/Src/stm32f4xx_hal_msp.o
 .debug_ranges  0x0000000000000050       0x50 ../Core/Src/stm32f4xx_it.o
 .debug_ranges  0x00000000000000a0       0x18 ../Core/Src/system_stm32f4xx.o
 .debug_ranges  0x00000000000000b8       0xe0 ../Drivers/STM32F4xx_HAL_Driver/Src/stm32f4xx_hal.o
 .debug_ranges  0x0000000000000198      0x120 ../Drivers/STM32F4xx_HAL_Driver/Src/stm32f4xx_hal_cortex.o
 .debug_ranges  0x00000000000002b8       0x48 ../Drivers/STM32F4xx_HAL_Driver/Src/stm32f4xx_hal_gpio.o
 .debug_ranges  0x0000000000000300       0x78 ../Drivers/STM32F4xx_HAL_Driver/Src/stm32f4xx_hal_rcc.o
 .debug_ranges  0x0000000000000378      0x228 ../Drivers/STM32F4xx_HAL_Driver/Src/stm32f4xx_hal_uart.o
 .debug_ranges  0x00000000000005a0       0xe8 /usr/lib/gcc/arm-none-eabi/10.3.1/thumb/v7e-m+fp/hard/libgcc.a(_udivmoddi4.o)

.debug_macro    0x0000000000000000    0x142dc
 .debug_macro   0x0000000000000000      0x17b ../Core/Src/main.o
 .debug_macro   0x000000000000017b      0xa72 ../Core/Src/main.o
 .debug_macro   0x0000000000000bed      0x295 ../Core/Src/main.o
 .debug_macro   0x0000000000000e82       0x2e ../Core/Src/main.o
 .debug_macro   0x0000000000000eb0       0x28 ../Core/Src/main.o
 .debug_macro   0x0000000000000ed8      0x34e ../Core/Src/main.o
 .debug_macro   0x0000000000001226       0x1c ../Core/Src/main.o
 .debug_macro   0x0000000000001242       0x22 ../Core/Src/main.o
 .debug_macro   0x0000000000001264       0xfb ../Core/Src/main.o
 .debug_macro   0x000000000000135f     0x1011 ../Core/Src/main.o
 .debug_macro   0x0000000000002370      0x11f ../Core/Src/main.o
 .debug_macro   0x000000000000248f     0xb881 ../Core/Src/main.o
 .debug_macro   0x000000000000dd10       0x6d ../Core/Src/main.o
 .debug_macro   0x000000000000dd7d     0x3693 ../Core/Src/main.o
 .debug_macro   0x0000000000011410      0x174 ../Core/Src/main.o
 .debug_macro   0x0000000000011584       0x5c ../Core/Src/main.o
 .debug_macro   0x00000000000115e0      0x416 ../Core/Src/main.o
 .debug_macro   0x00000000000119f6      0x9e9 ../Core/Src/main.o
 .debug_macro   0x00000000000123df      0x115 ../Core/Src/main.o
 .debug_macro   0x00000000000124f4       0xf8 ../Core/Src/main.o
 .debug_macro   0x00000000000125ec       0xa5 ../Core/Src/main.o
 .debug_macro   0x0000000000012691      0x15f ../Core/Src/main.o
 .debug_macro   0x00000000000127f0      0x287 ../Core/Src/main.o
 .debug_macro   0x0000000000012a77       0x5f ../Core/Src/main.o
 .debug_macro   0x0000000000012ad6      0x236 ../Core/Src/main.o
 .debug_macro   0x0000000000012d0c      0x132 ../Core/Src/main.o
 .debug_macro   0x0000000000012e3e      0x23a ../Core/Src/main.o
 .debug_macro   0x0000000000013078       0x2e ../Core/Src/main.o
 .debug_macro   0x00000000000130a6      0x127 ../Core/Src/main.o
 .debug_macro   0x00000000000131cd       0x85 ../Core/Src/main.o
 .debug_macro   0x0000000000013252       0x89 ../Core/Src/main.o
 .debug_macro   0x00000000000132db      0x2aa ../Core/Src/main.o
 .debug_macro   0x0000000000013585      0x126 ../Core/Src/main.o
 .debug_macro   0x00000000000136ab      0x17b ../Core/Src/stm32f4xx_hal_msp.o
 .debug_macro   0x0000000000013826      0x185 ../Core/Src/stm32f4xx_it.o
 .debug_macro   0x00000000000139ab      0x171 ../Core/Src/system_stm32f4xx.o
 .debug_macro   0x0000000000013b1c      0x1d1 ../Drivers/STM32F4xx_HAL_Driver/Src/stm32f4xx_hal.o
 .debug_macro   0x0000000000013ced      0x171 ../Drivers/STM32F4xx_HAL_Driver/Src/stm32f4xx_hal_cortex.o
 .debug_macro   0x0000000000013e5e      0x177 ../Drivers/STM32F4xx_HAL_Driver/Src/stm32f4xx_hal_gpio.o
 .debug_macro   0x0000000000013fd5      0x195 ../Drivers/STM32F4xx_HAL_Driver/Src/stm32f4xx_hal_rcc.o
 .debug_macro   0x000000000001416a      0x172 ../Drivers/STM32F4xx_HAL_Driver/Src/stm32f4xx_hal_uart.o

.debug_line     0x0000000000000000     0x60f6
 .debug_line    0x0000000000000000      0x46e ../Core/Src/main.o
 .debug_line    0x000000000000046e      0x3da ../Core/Src/stm32f4xx_hal_msp.o
 .debug_line    0x0000000000000848      0x44f ../Core/Src/stm32f4xx_it.o
 .debug_line    0x0000000000000c97      0x3ff ../Core/Src/system_stm32f4xx.o
 .debug_line    0x0000000000001096      0x674 ../Drivers/STM32F4xx_HAL_Driver/Src/stm32f4xx_hal.o
 .debug_line    0x000000000000170a      0x96e ../Drivers/STM32F4xx_HAL_Driver/Src/stm32f4xx_hal_cortex.o
 .debug_line    0x0000000000002078      0x7ac ../Drivers/STM32F4xx_HAL_Driver/Src/stm32f4xx_hal_gpio.o
 .debug_line    0x0000000000002824      0xa08 ../Drivers/STM32F4xx_HAL_Driver/Src/stm32f4xx_hal_rcc.o
 .debug_line    0x000000000000322c     0x2565 ../Drivers/STM32F4xx_HAL_Driver/Src/stm32f4xx_hal_uart.o
 .debug_line    0x0000000000005791       0x60 /usr/lib/gcc/arm-none-eabi/10.3.1/thumb/v7e-m+fp/hard/libgcc.a(_aeabi_uldivmod.o)
 .debug_line    0x00000000000057f1      0x5ae /usr/lib/gcc/arm-none-eabi/10.3.1/thumb/v7e-m+fp/hard/libgcc.a(_udivmoddi4.o)
 .debug_line    0x0000000000005d9f       0x60 /usr/lib/gcc/arm-none-eabi/10.3.1/thumb/v7e-m+fp/hard/libgcc.a(_dvmd_tls.o)
 .debug_line    0x0000000000005dff      0x138 /usr/lib/gcc/arm-none-eabi/10.3.1/../../../arm-none-eabi/lib/thumb/v7e-m+fp/hard/libg_nano.a(lib_a-init.o)
 .debug_line    0x0000000000005f37      0x1bf /usr/lib/gcc/arm-none-eabi/10.3.1/../../../arm-none-eabi/lib/thumb/v7e-m+fp/hard/libg_nano.a(lib_a-memset.o)

.debug_str      0x0000000000000000    0x812b7
 .debug_str     0x0000000000000000    0x7f141 ../Core/Src/main.o
                                      0x7f3fe (size before relaxing)
 .debug_str     0x000000000007f141       0x56 ../Core/Src/stm32f4xx_hal_msp.o
                                      0x7f289 (size before relaxing)
 .debug_str     0x000000000007f197       0xbd ../Core/Src/stm32f4xx_it.o
                                      0x7ed10 (size before relaxing)
 .debug_str     0x000000000007f254       0xdb ../Core/Src/system_stm32f4xx.o
                                      0x7ee43 (size before relaxing)
 .debug_str     0x000000000007f32f      0x990 ../Drivers/STM32F4xx_HAL_Driver/Src/stm32f4xx_hal.o
                                      0x7f820 (size before relaxing)
 .debug_str     0x000000000007fcbf      0x3d7 ../Drivers/STM32F4xx_HAL_Driver/Src/stm32f4xx_hal_cortex.o
                                      0x7f5c5 (size before relaxing)
 .debug_str     0x0000000000080096      0x15f ../Drivers/STM32F4xx_HAL_Driver/Src/stm32f4xx_hal_gpio.o
                                      0x7efb3 (size before relaxing)
 .debug_str     0x00000000000801f5      0x257 ../Drivers/STM32F4xx_HAL_Driver/Src/stm32f4xx_hal_rcc.o
                                      0x7f23a (size before relaxing)
 .debug_str     0x000000000008044c      0x631 ../Drivers/STM32F4xx_HAL_Driver/Src/stm32f4xx_hal_uart.o
                                      0x7f7b9 (size before relaxing)
 .debug_str     0x0000000000080a7d       0xa6 /usr/lib/gcc/arm-none-eabi/10.3.1/thumb/v7e-m+fp/hard/libgcc.a(_aeabi_uldivmod.o)
 .debug_str     0x0000000000080b23      0x544 /usr/lib/gcc/arm-none-eabi/10.3.1/thumb/v7e-m+fp/hard/libgcc.a(_udivmoddi4.o)
                                        0x647 (size before relaxing)
 .debug_str     0x0000000000081067       0x30 /usr/lib/gcc/arm-none-eabi/10.3.1/thumb/v7e-m+fp/hard/libgcc.a(_dvmd_tls.o)
                                         0xaa (size before relaxing)
 .debug_str     0x0000000000081097      0x16f /usr/lib/gcc/arm-none-eabi/10.3.1/../../../arm-none-eabi/lib/thumb/v7e-m+fp/hard/libg_nano.a(lib_a-init.o)
                                        0x20b (size before relaxing)
 .debug_str     0x0000000000081206       0xb1 /usr/lib/gcc/arm-none-eabi/10.3.1/../../../arm-none-eabi/lib/thumb/v7e-m+fp/hard/libg_nano.a(lib_a-memset.o)
                                        0x1c0 (size before relaxing)

.debug_frame    0x0000000000000000     0x184c
 .debug_frame   0x0000000000000000       0xa8 ../Core/Src/main.o
 .debug_frame   0x00000000000000a8       0x80 ../Core/Src/stm32f4xx_hal_msp.o
 .debug_frame   0x0000000000000128      0x104 ../Core/Src/stm32f4xx_it.o
 .debug_frame   0x000000000000022c       0x58 ../Core/Src/system_stm32f4xx.o
 .debug_frame   0x0000000000000284      0x374 ../Drivers/STM32F4xx_HAL_Driver/Src/stm32f4xx_hal.o
 .debug_frame   0x00000000000005f8      0x508 ../Drivers/STM32F4xx_HAL_Driver/Src/stm32f4xx_hal_cortex.o
 .debug_frame   0x0000000000000b00      0x14c ../Drivers/STM32F4xx_HAL_Driver/Src/stm32f4xx_hal_gpio.o
 .debug_frame   0x0000000000000c4c      0x1f4 ../Drivers/STM32F4xx_HAL_Driver/Src/stm32f4xx_hal_rcc.o
 .debug_frame   0x0000000000000e40      0x954 ../Drivers/STM32F4xx_HAL_Driver/Src/stm32f4xx_hal_uart.o
 .debug_frame   0x0000000000001794       0x2c /usr/lib/gcc/arm-none-eabi/10.3.1/thumb/v7e-m+fp/hard/libgcc.a(_aeabi_uldivmod.o)
 .debug_frame   0x00000000000017c0       0x34 /usr/lib/gcc/arm-none-eabi/10.3.1/thumb/v7e-m+fp/hard/libgcc.a(_udivmoddi4.o)
 .debug_frame   0x00000000000017f4       0x2c /usr/lib/gcc/arm-none-eabi/10.3.1/../../../arm-none-eabi/lib/thumb/v7e-m+fp/hard/libg_nano.a(lib_a-init.o)
 .debug_frame   0x0000000000001820       0x2c /usr/lib/gcc/arm-none-eabi/10.3.1/../../../arm-none-eabi/lib/thumb/v7e-m+fp/hard/libg_nano.a(lib_a-memset.o)

.debug_loc      0x0000000000000000     0x12f5
 .debug_loc     0x0000000000000000     0x100f /usr/lib/gcc/arm-none-eabi/10.3.1/thumb/v7e-m+fp/hard/libgcc.a(_udivmoddi4.o)
 .debug_loc     0x000000000000100f       0xba /usr/lib/gcc/arm-none-eabi/10.3.1/../../../arm-none-eabi/lib/thumb/v7e-m+fp/hard/libg_nano.a(lib_a-init.o)
 .debug_loc     0x00000000000010c9      0x22c /usr/lib/gcc/arm-none-eabi/10.3.1/../../../arm-none-eabi/lib/thumb/v7e-m+fp/hard/libg_nano.a(lib_a-memset.o)
