18:21:30 **** Incremental Build of configuration Debug for project pdtrigger_firmware ****
make -j24 all 
arm-none-eabi-gcc "../Core/Src/main.c" -mcpu=cortex-m4 -std=gnu11 -g3 -DDEBUG -DUSE_HAL_DRIVER -DSTM32F401xC -c -I../Core/Inc -I../Drivers/STM32F4xx_HAL_Driver/Inc -I../Drivers/STM32F4xx_HAL_Driver/Inc/Legacy -I../Drivers/CMSIS/Device/ST/STM32F4xx/Include -I../Drivers/CMSIS/Include -O0 -ffunction-sections -fdata-sections -Wall -fstack-usage -fcyclomatic-complexity -MMD -MP -MF"Core/Src/main.d" -MT"Core/Src/main.o" --specs=nano.specs -mfpu=fpv4-sp-d16 -mfloat-abi=hard -mthumb -o "Core/Src/main.o"
arm-none-eabi-gcc -o "pdtrigger_firmware.elf" @"objects.list"   -mcpu=cortex-m4 -T"/home/lcooke/pdtrigger/firmware/pdtrigger_firmware/STM32F401RCTX_FLASH.ld" --specs=nosys.specs -Wl,-Map="pdtrigger_firmware.map" -Wl,--gc-sections -static --specs=nano.specs -mfpu=fpv4-sp-d16 -mfloat-abi=hard -mthumb -Wl,--start-group -lc -lm -Wl,--end-group
Finished building target: pdtrigger_firmware.elf
 
arm-none-eabi-size  pdtrigger_firmware.elf 
arm-none-eabi-objdump -h -S pdtrigger_firmware.elf  > "pdtrigger_firmware.list"
   text	   data	    bss	    dec	    hex	filename
   7728	     12	   1644	   9384	   24a8	pdtrigger_firmware.elf
Finished building: default.size.stdout
 
Finished building: pdtrigger_firmware.list
 
